2023-02-17 15:21:44,497 ERROR: An error occurred in the test method: The node 0 is not in the graph.
